// Jest Snapshot v1, https://goo.gl/fbAQLP

exports[`i am demo test 1`] = `"first-demo-for-unit-test"`;
